// Jest Snapshot v1, https://goo.gl/fbAQLP

exports[`matches snapshot 1`] = `
<DocumentFragment>
  <section
    id="contact"
  >
    <h1
      class="sc-bdvvtL diZiHH"
      data-testid="contact"
    >
      CONTACT
    </h1>
    <section
      class="sc-eCImPb iRTFUI"
    >
      <div
        class="sc-furwcr hhdvGg"
      >
        <div
          class="sc-gKclnd hqohba"
        >
          <a
            class="sc-pVTFL jgmRvO"
            href="href='https://www.linkedin.com/in/jacob-corum-full-stack-development/'"
          >
            <p
              class="sc-iCfMLu hppyVX"
            >
              LinkedIn
            </p>
          </a>
        </div>
        <div
          class="sc-gKclnd hqohba"
        >
          <a
            class="sc-pVTFL jgmRvO"
            href="https://github.com/jcorum11"
          >
            <p
              class="sc-iCfMLu hppyVX"
            >
              Github
            </p>
          </a>
        </div>
      </div>
      <div
        class="sc-jRQBWg edNkuc"
      >
        <a
          class="sc-gsDKAQ sc-dkPtRN fGmJbt iIDBAs"
          href="mailto: jacob.w.corum@gmail.com"
        >
          jacob.w.corum@gmail.com
        </a>
        <a
          class="sc-gsDKAQ sc-hKwDye fGmJbt hTaHmr"
          href="tel: 801-814-3191"
        >
          801-814-3191
        </a>
      </div>
    </section>
  </section>
</DocumentFragment>
`;
