// Jest Snapshot v1, https://goo.gl/fbAQLP

exports[`Contact component matches snapshot 1`] = `
<DocumentFragment>
  <section
    id="contact-form"
  >
    <div
      class="container"
    >
      <h1
        class="display-1 text-center"
        data-testid="contact"
      >
        Contact Me
      </h1>
      <form>
        <div
          class="form-group"
        >
          <label
            for="name"
          >
            Name
          </label>
          <input
            class="form-control"
            id="nameInput"
            name="name"
            placeholder="James Halliday"
            type="text"
            value=""
          />
        </div>
        <div
          class="form-group"
        >
          <label
            for="exampleInputEmail1"
          >
            Email address
          </label>
          <input
            aria-describedby="emailHelp"
            class="form-control"
            id="exampleInputEmail1"
            name="email"
            placeholder="anorak@oasis.com"
            type="email"
            value=""
          />
        </div>
        <div
          class="form-group"
        >
          <label
            for="exampleFormControlTextarea1"
          >
            Message
          </label>
          <textarea
            class="form-control"
            id="exampleFormControlTextarea1"
            name="message"
            placeholder="“I didn't think anyone would anticipate this move, because it was so clearly insane.”"
            rows="3"
          />
        </div>
        <button
          class="btn"
          type="submit"
        >
          Submit
        </button>
      </form>
    </div>
  </section>
</DocumentFragment>
`;
