// Jest Snapshot v1, https://goo.gl/fbAQLP

exports[`matches snapshot 1`] = `
<DocumentFragment>
  <section
    id="resume"
  >
    <h1
      class="sc-bdvvtL diZiHH"
      data-testid="resume"
    >
      RESUME
    </h1>
    <section
      class="sc-gsDKAQ jIHPSi"
    >
      <div
        class="sc-hKwDye iRDTiO"
      >
        <h1
          class="sc-dkPtRN qTVRU"
        >
          WANT TO HIRE ME?
        </h1>
      </div>
      <div
        class="sc-iCfMLu fGzxLG"
      >
        <a
          class="sc-eCImPb bcXcjX"
          href="jacob-corum-resume-oct-2020.pdf"
        >
          <div
            class="sc-jRQBWg SObut"
          />
        </a>
        <a
          class="sc-gKclnd YypoI"
          download="jake-corums-resume"
          href="jacob-corum-resume-oct-2020.pdf"
        >
          download
        </a>
      </div>
    </section>
  </section>
</DocumentFragment>
`;
