// Jest Snapshot v1, https://goo.gl/fbAQLP

exports[`matches snapshot 1`] = `
<DocumentFragment>
  <div
    class="sc-bdvvtL kMwyan"
  >
    <h1
      class="sc-gsDKAQ blDjir"
    >
      D&D Tracker
    </h1>
    <p
      class="sc-hKwDye fSwREK"
    >
      This was a really cool tracker that I did during bootcamp. Check it out!
    </p>
    <a
      class="sc-dkPtRN emkQry"
      href="https://johnnielsen1221.github.io/dd-initiative-tracker/"
    >
      link
    </a>
  </div>
</DocumentFragment>
`;
