// Jest Snapshot v1, https://goo.gl/fbAQLP

exports[`matches snapshot 1`] = `
<DocumentFragment>
  <div
    class="sc-bdvvtL bbRqhV"
  >
    <h1
      class="sc-gsDKAQ dqqyo"
    >
      test
    </h1>
    <p
      class="sc-hKwDye ekIOdu"
    >
      some testy description
    </p>
    <a
      class="sc-dkPtRN kQiOtB"
      href="https://test.com"
    >
      link
    </a>
  </div>
</DocumentFragment>
`;
