// Jest Snapshot v1, https://goo.gl/fbAQLP

exports[`matches snapshot 1`] = `
<DocumentFragment>
  <nav
    class="sc-bdvvtL dPHOVD"
  >
    <svg
      class="sc-dkPtRN klpcuV"
      data-testid="nav-button-hamburger"
      fill="currentColor"
      height="1em"
      stroke="currentColor"
      stroke-width="0"
      viewBox="0 0 512 512"
      width="1em"
      xmlns="http://www.w3.org/2000/svg"
    >
      <path
        d="M88 152h336M88 256h336M88 360h336"
        fill="none"
        stroke-linecap="round"
        stroke-miterlimit="10"
        stroke-width="48"
      />
    </svg>
    <div
      class="sc-eCImPb gdsFKc"
    >
      <div
        class="sc-jRQBWg eEZPIg"
      >
        <a
          class="sc-gsDKAQ hVldvo"
          href="#about"
        >
          About Me
        </a>
      </div>
      <div
        class="sc-jRQBWg eEZPIg"
      >
        <a
          class="sc-gsDKAQ hVldvo"
          href="#projects"
        >
          Projects
        </a>
      </div>
      <div
        class="sc-jRQBWg eEZPIg"
      >
        <a
          class="sc-gsDKAQ hVldvo"
          href="#resume"
        >
          Resume
        </a>
      </div>
      <div
        class="sc-jRQBWg eEZPIg"
      >
        <a
          class="sc-gsDKAQ hVldvo"
          href="#contact"
        >
          Contact Me
        </a>
      </div>
    </div>
  </nav>
</DocumentFragment>
`;
