// Jest Snapshot v1, https://goo.gl/fbAQLP

exports[`Nav component matches snapshot 1`] = `
<DocumentFragment>
  <nav
    class="sc-bdvvtL hBpKVe"
  >
    <svg
      fill="currentColor"
      height="1em"
      stroke="currentColor"
      stroke-width="0"
      style="color: rgb(188, 76, 132); font-size: 4rem; cursor: pointer;"
      viewBox="0 0 512 512"
      width="1em"
      xmlns="http://www.w3.org/2000/svg"
    >
      <path
        d="M88 152h336M88 256h336M88 360h336"
        fill="none"
        stroke-linecap="round"
        stroke-miterlimit="10"
        stroke-width="48"
      />
    </svg>
    <div />
  </nav>
</DocumentFragment>
`;
