// Jest Snapshot v1, https://goo.gl/fbAQLP

exports[`Nav component matches snapshot 1`] = `
<DocumentFragment>
  <nav
    class="navbar navbar-expand-sm navbar-light"
  >
    <a
      class="pt-yellow navbar-brand shadow-green"
      href="/"
    >
      Jacob Corum
    </a>
    <button
      aria-controls="navbarNav"
      aria-expanded="false"
      aria-label="Toggle navigation"
      class="navbar-toggler"
      data-target="#navbarNav"
      data-toggle="collapse"
      type="button"
    >
      <span
        class="navbar-toggler-icon rounded"
      />
    </button>
    <div
      class="collapse navbar-collapse"
      id="navbarNav"
    >
      <ul
        class="navbar-nav"
      >
        <li
          class="nav-item active rounded false"
        >
          <a
            class="nav-link pt-yellow shadow-green pl-2"
            data-testid="about"
            href="#about"
          >
            About Me
            <span
              class="sr-only"
            >
              (current)
            </span>
          </a>
        </li>
        <li
          class="nav-item rounded false"
        >
          <a
            class="nav-link pt-yellow shadow-green pl-2"
            data-testid="projects"
            href="#projects"
          >
            Projects
          </a>
        </li>
        <li
          class="nav-item rounded false"
        >
          <a
            class="nav-link pt-yellow shadow-green pl-2"
            data-testid="resume"
            href="#resume"
          >
            Resume
          </a>
        </li>
        <li
          class="nav-item rounded false"
        >
          <a
            class="nav-link pt-yellow shadow-green pl-2"
            data-testid="contact"
            href="#contact"
          >
            Contact Me
          </a>
        </li>
      </ul>
    </div>
  </nav>
</DocumentFragment>
`;
