// Jest Snapshot v1, https://goo.gl/fbAQLP

exports[`matches snapshot 1`] = `
<DocumentFragment>
  <div
    class="sc-gWXbKe fhNkFD"
  >
    <nav
      class="sc-fFeiMQ dLYdCh"
    >
      <svg
        class="sc-ieecCq gVFcKa"
        data-testid="nav-button-hamburger"
        fill="currentColor"
        height="1em"
        stroke="currentColor"
        stroke-width="0"
        viewBox="0 0 512 512"
        width="1em"
        xmlns="http://www.w3.org/2000/svg"
      >
        <path
          d="M88 152h336M88 256h336M88 360h336"
          fill="none"
          stroke-linecap="round"
          stroke-miterlimit="10"
          stroke-width="48"
        />
      </svg>
      <div
        class="sc-hGPBjI cazEdW"
      >
        <div
          class="sc-dlVxhl bVSUV"
        >
          <a
            class="sc-bkkeKt jgApFq"
            href="#about"
          >
            About Me
          </a>
        </div>
        <div
          class="sc-dlVxhl bVSUV"
        >
          <a
            class="sc-bkkeKt jgApFq"
            href="#projects"
          >
            Projects
          </a>
        </div>
        <div
          class="sc-dlVxhl bVSUV"
        >
          <a
            class="sc-bkkeKt jgApFq"
            href="#resume"
          >
            Resume
          </a>
        </div>
        <div
          class="sc-dlVxhl bVSUV"
        >
          <a
            class="sc-bkkeKt jgApFq"
            href="#contact"
          >
            Contact Me
          </a>
        </div>
      </div>
    </nav>
    <main>
      <div
        class="sc-jJoQJp kNveLH"
      >
        <div
          class="sc-hiCibw itKqMc"
        />
      </div>
      <section
        class="sc-gsDKAQ icFUsL"
        id="about"
      >
        <div
          class="sc-dkPtRN eGNtso"
        >
          <h1
            class="sc-bdvvtL diZiHH"
            data-testid="about"
          >
            ABOUT
          </h1>
          <div
            class="sc-jRQBWg pbwFr"
          >
            <div
              class="sc-eCImPb hCJQkq"
            />
            <div
              class="sc-furwcr hfTekY"
            >
              <p
                class="sc-hKwDye gZcaCT"
              >
                I have worked to overcome obstacles to become a full stack developer graduating from University of Utah’s boot camp near the top of the class, earning me a full-stack developer certificate with a background in Industrial/Organizational Psychology.
              </p>
            </div>
          </div>
          <div
            class="sc-jRQBWg pbwFr"
          >
            <div
              class="sc-furwcr sc-pVTFL hfTekY dhdyKd"
            >
              <p
                class="sc-hKwDye sc-iCfMLu gZcaCT fAntMl"
              >
                I have studied diligently to learn and implement React, Redux, and GraphQL. I implemented all three of these in a project called Rolodeck where I worked with a team and implemented GraphQL for the entire project, programmed a QR scanner in React, and implemented Redux for easily transferable data.
              </p>
            </div>
            <div
              class="sc-eCImPb sc-gKclnd hCJQkq gNefWy"
            />
          </div>
        </div>
      </section>
      <section
        class="py-5"
        id="projects"
      >
        <h1
          class="sc-bdvvtL diZiHH"
          data-testid="projects"
        >
          PROJECTS
        </h1>
        <section>
          <div
            class="sc-kfPuZi dyrWf"
          >
            <h1
              class="sc-fKVqWL gkfTRA"
            >
              Harpoon Mobile
            </h1>
            <p
              class="sc-iwjdpV dRKbxu"
            >
              I really love baseball cards. Like... I really love them. I made an app in React Native for my friend as a kind of social media for baseball cards. This one doesnt have a link yet but I hope it will soon!
            </p>
            <a
              class="sc-bBHxTw fYSGdx"
              href=""
            >
              link
            </a>
          </div>
          <div
            class="sc-cxpSdN jbxMAY"
          />
          <div
            class="sc-kfPuZi fmQeVY"
          >
            <h1
              class="sc-fKVqWL gkfTRA"
            >
              Sploots!
            </h1>
            <p
              class="sc-iwjdpV dRKbxu"
            >
              This is another one that I did with a friend of mine. It too doesnt have a link because we are still working on it, but it is a website for people to sell dogs and pet services that has a really good UI.
            </p>
            <a
              class="sc-bBHxTw fYSGdx"
              href=""
            >
              link
            </a>
          </div>
          <div
            class="sc-cxpSdN jbxMAY"
          />
          <div
            class="sc-kfPuZi iNhtKo"
          >
            <h1
              class="sc-fKVqWL gkfTRA"
            >
              Rolodeck
            </h1>
            <p
              class="sc-iwjdpV dRKbxu"
            >
              I am really proud of this one. I got a group of friends together and we worked really hard on it. I really loved working with them. You should definitely check this one out.
            </p>
            <a
              class="sc-bBHxTw fYSGdx"
              href="https://obscure-reef-91673.herokuapp.com/"
            >
              link
            </a>
          </div>
          <div
            class="sc-cxpSdN jbxMAY"
          />
          <div
            class="sc-kfPuZi fLvkJm"
          >
            <h1
              class="sc-fKVqWL gkfTRA"
            >
              D&D Tracker
            </h1>
            <p
              class="sc-iwjdpV dRKbxu"
            >
              This was a really cool tracker that I did during bootcamp. Check it out!
            </p>
            <a
              class="sc-bBHxTw fYSGdx"
              href="https://johnnielsen1221.github.io/dd-initiative-tracker/"
            >
              link
            </a>
          </div>
        </section>
      </section>
      <section
        id="resume"
      >
        <h1
          class="sc-bdvvtL diZiHH"
          data-testid="resume"
        >
          RESUME
        </h1>
        <section
          class="sc-llYSUQ boBVdb"
        >
          <div
            class="sc-giYglK fpYFVh"
          >
            <h1
              class="sc-iJKOTD ljOqmQ"
            >
              WANT TO HIRE ME?
            </h1>
          </div>
          <div
            class="sc-ikJyIC kWUqIp"
          >
            <a
              class="sc-ezbkAF gKUWtO"
              href="jacob-corum-resume-oct-2020.pdf"
            >
              <div
                class="sc-bYoBSM iTcTAO"
              />
            </a>
            <a
              class="sc-kLwhqv jYHUBa"
              download="jake-corums-resume"
              href="jacob-corum-resume-oct-2020.pdf"
            >
              download
            </a>
          </div>
        </section>
      </section>
      <section
        id="contact"
      >
        <h1
          class="sc-bdvvtL diZiHH"
          data-testid="contact"
        >
          CONTACT
        </h1>
        <section
          class="sc-crHmcD jKubrL"
        >
          <div
            class="sc-hBUSln fpUdPB"
          >
            <div
              class="sc-bqiRlB jIJsuB"
            >
              <a
                class="sc-fotOHu fKLNwJ"
                href="href='https://www.linkedin.com/in/jacob-corum-full-stack-development/'"
              >
                <p
                  class="sc-ksdxgE jtNcut"
                >
                  LinkedIn
                </p>
              </a>
            </div>
            <div
              class="sc-bqiRlB jIJsuB"
            >
              <a
                class="sc-fotOHu fKLNwJ"
                href="https://github.com/jcorum11"
              >
                <p
                  class="sc-ksdxgE jtNcut"
                >
                  Github
                </p>
              </a>
            </div>
          </div>
          <div
            class="sc-egiyK bgdJde"
          >
            <a
              class="sc-jrQzAO sc-kDTinF cBxVKb eKdzuN"
              href="mailto: jacob.w.corum@gmail.com"
            >
              jacob.w.corum@gmail.com
            </a>
            <a
              class="sc-jrQzAO sc-iqseJM cBxVKb OVvVy"
              href="tel: 801-814-3191"
            >
              801-814-3191
            </a>
          </div>
        </section>
      </section>
    </main>
    <footer>
      <div
        class="sc-cCcXHH ivEnMn"
      >
        <p
          class="sc-cidDSM jxgprc"
        >
          Designed by Kyanna Corum 
          <span
            aria-label="heart"
            role="img"
          >
            ❤️ 
          </span>
        </p>
        <p
          class="sc-cidDSM jxgprc"
        >
          Developed by Jake 
          <span
            aria-label="peace sign"
            role="img"
          >
            ✌
          </span>
        </p>
      </div>
    </footer>
  </div>
</DocumentFragment>
`;
