// Jest Snapshot v1, https://goo.gl/fbAQLP

exports[`About matches snapshot 1`] = `
<DocumentFragment>
  <section
    class="sc-hKwDye fGRvuk"
    id="about"
  >
    <div
      class="sc-gsDKAQ euceyN"
    >
      <div
        class="sc-bdvvtL ihLGt"
      />
      <div
        class="sc-dkPtRN gxzRKy"
      />
    </div>
    <div
      class="sc-eCImPb kancxw"
    >
      <h1
        class="sc-jRQBWg kAhDCO"
        data-testid="about"
      >
        About
      </h1>
      <p
        class="sc-gKclnd dPlqrI"
      >
        I have worked to overcome obstacles to become a full stack developer graduating from University of Utah’s boot camp near the top of the class, earning me a full-stack developer certificate with a background in Industrial/Organizational Psychology. I have studied diligently to learn and implement React, Redux, and GraphQL. I implemented all three of these in a project called Rolodeck where I worked with a team and implemented GraphQL for the entire project, programmed a QR scanner in React, and implemented Redux for easily transferable data.
      </p>
    </div>
  </section>
</DocumentFragment>
`;
