// Jest Snapshot v1, https://goo.gl/fbAQLP

exports[`matches snapshot 1`] = `
<DocumentFragment>
  <section
    class="sc-bdvvtL guABpC"
    id="about"
  >
    <div
      class="sc-gsDKAQ kAhAI"
    >
      <h1
        class="sc-pVTFL jVErxx"
        data-testid="about"
      >
        ABOUT
      </h1>
      <div
        class="sc-eCImPb dRPXNA"
      >
        <div
          class="sc-hKwDye OaHlq"
        />
        <div
          class="sc-iCfMLu gOcsOf"
        >
          <p
            class="sc-dkPtRN jSIVyw"
          >
            I have worked to overcome obstacles to become a full stack developer graduating from University of Utah’s boot camp near the top of the class, earning me a full-stack developer certificate with a background in Industrial/Organizational Psychology.
          </p>
        </div>
      </div>
      <div
        class="sc-eCImPb dRPXNA"
      >
        <div
          class="sc-iCfMLu sc-furwcr gOcsOf lfcZZG"
        >
          <p
            class="sc-dkPtRN sc-gKclnd jSIVyw gHeLuc"
          >
            I have studied diligently to learn and implement React, Redux, and GraphQL. I implemented all three of these in a project called Rolodeck where I worked with a team and implemented GraphQL for the entire project, programmed a QR scanner in React, and implemented Redux for easily transferable data.
          </p>
        </div>
        <div
          class="sc-hKwDye sc-jRQBWg OaHlq fulLJw"
        />
      </div>
    </div>
  </section>
</DocumentFragment>
`;
